// Jest Snapshot v1, https://goo.gl/fbAQLP

exports[`renders correctly 1`] = `
<DocumentFragment>
  <div
    class="header"
  >
    <img
      alt="Reddit logo"
      class="logo"
      src="test-file-stub"
    />
    <h1>
      My Reddit Client
    </h1>
  </div>
  <div
    class="spacer"
  >
    Â 
  </div>
</DocumentFragment>
`;
